
Running config
:{'classifier': 'gda', 'project': False, 'use_text': True, 'data_root_path': 'datasets', 'dataset': 'caltech101', 'backbone': 'RN50', 'subsample_classes': 'all'}

Creating a 1-shot dataset
seed=1, shot=1, acc=5.27
Creating a 2-shot dataset
seed=1, shot=2, acc=81.62
Creating a 4-shot dataset
seed=1, shot=4, acc=84.83
Creating a 8-shot dataset
seed=1, shot=8, acc=88.07
Creating a 16-shot dataset
seed=1, shot=16, acc=91.32
Creating a 1-shot dataset
seed=2, shot=1, acc=5.27
Creating a 2-shot dataset
seed=2, shot=2, acc=81.50
Creating a 4-shot dataset
seed=2, shot=4, acc=85.15
Creating a 8-shot dataset
seed=2, shot=8, acc=90.02
Creating a 16-shot dataset
seed=2, shot=16, acc=91.16
Creating a 1-shot dataset
seed=3, shot=1, acc=5.27
Creating a 2-shot dataset
seed=3, shot=2, acc=77.89
Creating a 4-shot dataset
seed=3, shot=4, acc=85.96
Creating a 8-shot dataset
seed=3, shot=8, acc=89.78
Creating a 16-shot dataset
seed=3, shot=16, acc=91.28
{'classifier': 'gda', 'project': False, 'use_text': True, 'data_root_path': 'datasets', 'dataset': 'caltech101', 'backbone': 'RN50', 'subsample_classes': 'all', 'shots': 16}
Evaluate on seeds=[1, 2, 3]
Evaluate on shots=[1, 2, 4, 8, 16]
seed=1 [5.273833751678467, 81.62271881103516, 84.82758331298828, 88.0730209350586, 91.3184585571289]
seed=2 [5.273833751678467, 81.50101470947266, 85.15213012695312, 90.0202865600586, 91.15618896484375]
seed=3 [5.273833751678467, 77.89046478271484, 85.96348571777344, 89.7768783569336, 91.27789306640625]
Average:  tensor([ 5.2738, 80.3381, 85.3144, 89.2901, 91.2508])
