
Running config
:{'classifier': 'gda', 'project': True, 'use_text': True, 'data_root_path': 'datasets', 'dataset': 'caltech101', 'backbone': 'RN50', 'subsample_classes': 'all'}

Loading imagenet text span from data/text_features/imagenet/RN50.pt
Creating a 1-shot dataset
seed=1, shot=1, acc=5.27
Creating a 2-shot dataset
seed=1, shot=2, acc=82.19
Creating a 4-shot dataset
seed=1, shot=4, acc=85.11
Creating a 8-shot dataset
seed=1, shot=8, acc=88.44
Creating a 16-shot dataset
seed=1, shot=16, acc=91.24
Creating a 1-shot dataset
seed=2, shot=1, acc=5.27
Creating a 2-shot dataset
seed=2, shot=2, acc=82.07
Creating a 4-shot dataset
seed=2, shot=4, acc=85.60
Creating a 8-shot dataset
seed=2, shot=8, acc=90.22
Creating a 16-shot dataset
seed=2, shot=16, acc=91.08
Creating a 1-shot dataset
seed=3, shot=1, acc=5.27
Creating a 2-shot dataset
seed=3, shot=2, acc=78.82
Creating a 4-shot dataset
seed=3, shot=4, acc=86.41
Creating a 8-shot dataset
seed=3, shot=8, acc=90.10
Creating a 16-shot dataset
seed=3, shot=16, acc=91.20
{'classifier': 'gda', 'project': True, 'use_text': True, 'data_root_path': 'datasets', 'dataset': 'caltech101', 'backbone': 'RN50', 'subsample_classes': 'all', 'shots': 16}
Evaluate on seeds=[1, 2, 3]
Evaluate on shots=[1, 2, 4, 8, 16]
seed=1 [5.273833751678467, 82.19066619873047, 85.11156463623047, 88.4381332397461, 91.23731994628906]
seed=2 [5.273833751678467, 82.06896209716797, 85.59838104248047, 90.2231216430664, 91.0750503540039]
seed=3 [5.273833751678467, 78.82353210449219, 86.40973663330078, 90.1014175415039, 91.1967544555664]
Average:  tensor([ 5.2738, 81.0277, 85.7066, 89.5876, 91.1697])
