
Running config
:{'classifier': 'gda', 'project': False, 'use_text': False, 'data_root_path': 'datasets', 'dataset': 'caltech101', 'backbone': 'dinov3_vitl16', 'subsample_classes': 'all'}

Creating a 1-shot dataset
seed=1, shot=1, acc=5.27
Creating a 2-shot dataset
seed=1, shot=2, acc=92.49
Creating a 4-shot dataset
seed=1, shot=4, acc=95.62
Creating a 8-shot dataset
seed=1, shot=8, acc=95.78
Creating a 16-shot dataset
seed=1, shot=16, acc=98.05
Creating a 1-shot dataset
seed=2, shot=1, acc=5.27
Creating a 2-shot dataset
seed=2, shot=2, acc=91.44
Creating a 4-shot dataset
seed=2, shot=4, acc=96.63
Creating a 8-shot dataset
seed=2, shot=8, acc=97.53
Creating a 16-shot dataset
seed=2, shot=16, acc=98.05
Creating a 1-shot dataset
seed=3, shot=1, acc=5.27
Creating a 2-shot dataset
seed=3, shot=2, acc=90.91
Creating a 4-shot dataset
seed=3, shot=4, acc=96.96
Creating a 8-shot dataset
seed=3, shot=8, acc=97.73
Creating a 16-shot dataset
seed=3, shot=16, acc=97.97
{'classifier': 'gda', 'project': False, 'use_text': False, 'data_root_path': 'datasets', 'dataset': 'caltech101', 'backbone': 'dinov3_vitl16', 'subsample_classes': 'all', 'shots': 16}
Evaluate on seeds=[1, 2, 3]
Evaluate on shots=[1, 2, 4, 8, 16]
seed=1 [5.273833751678467, 92.49492645263672, 95.61865997314453, 95.78093719482422, 98.05274200439453]
seed=2 [5.273833751678467, 91.4401626586914, 96.63285827636719, 97.52535247802734, 98.05274200439453]
seed=3 [5.273833751678467, 90.91278076171875, 96.95740509033203, 97.72819519042969, 97.97160339355469]
Average:  tensor([ 5.2738, 91.6160, 96.4030, 97.0115, 98.0257])
