
Running config
:{'classifier': 'prototype', 'project': True, 'use_text': True, 'data_root_path': 'datasets', 'dataset': 'caltech101', 'backbone': 'RN50', 'subsample_classes': 'all'}

Loading imagenet text span from data/text_features/imagenet/RN50.pt
Creating a 1-shot dataset
seed=1, shot=1, acc=80.97
Creating a 2-shot dataset
seed=1, shot=2, acc=86.61
Creating a 4-shot dataset
seed=1, shot=4, acc=88.72
Creating a 8-shot dataset
seed=1, shot=8, acc=90.14
Creating a 16-shot dataset
seed=1, shot=16, acc=91.12
Creating a 1-shot dataset
seed=2, shot=1, acc=80.77
Creating a 2-shot dataset
seed=2, shot=2, acc=87.42
Creating a 4-shot dataset
seed=2, shot=4, acc=88.48
Creating a 8-shot dataset
seed=2, shot=8, acc=90.67
Creating a 16-shot dataset
seed=2, shot=16, acc=90.47
Creating a 1-shot dataset
seed=3, shot=1, acc=82.92
Creating a 2-shot dataset
seed=3, shot=2, acc=85.03
Creating a 4-shot dataset
seed=3, shot=4, acc=89.90
Creating a 8-shot dataset
seed=3, shot=8, acc=90.55
Creating a 16-shot dataset
seed=3, shot=16, acc=91.44
{'classifier': 'prototype', 'project': True, 'use_text': True, 'data_root_path': 'datasets', 'dataset': 'caltech101', 'backbone': 'RN50', 'subsample_classes': 'all', 'shots': 16}
Evaluate on seeds=[1, 2, 3]
Evaluate on shots=[1, 2, 4, 8, 16]
seed=1 [80.9736328125, 86.61257934570312, 88.72210693359375, 90.1419906616211, 91.11561584472656]
seed=2 [80.77079010009766, 87.42393493652344, 88.47869873046875, 90.66937255859375, 90.4665298461914]
seed=3 [82.92089080810547, 85.03042602539062, 89.8985824584961, 90.54766845703125, 91.4401626586914]
Average:  tensor([81.5551, 86.3557, 89.0331, 90.4530, 91.0074])
