
Running config
:{'classifier': 'prototype', 'project': False, 'use_text': False, 'data_root_path': 'datasets', 'dataset': 'dtd', 'backbone': 'dinov3_vitl16', 'subsample_classes': 'all'}

Creating a 1-shot dataset
seed=1, shot=1, acc=47.34
Creating a 2-shot dataset
seed=1, shot=2, acc=54.85
Creating a 4-shot dataset
seed=1, shot=4, acc=64.78
Creating a 8-shot dataset
seed=1, shot=8, acc=72.70
Creating a 16-shot dataset
seed=1, shot=16, acc=74.53
Creating a 1-shot dataset
seed=2, shot=1, acc=44.21
Creating a 2-shot dataset
seed=2, shot=2, acc=59.16
Creating a 4-shot dataset
seed=2, shot=4, acc=65.72
Creating a 8-shot dataset
seed=2, shot=8, acc=70.57
Creating a 16-shot dataset
seed=2, shot=16, acc=74.70
Creating a 1-shot dataset
seed=3, shot=1, acc=48.76
Creating a 2-shot dataset
seed=3, shot=2, acc=58.63
Creating a 4-shot dataset
seed=3, shot=4, acc=67.73
Creating a 8-shot dataset
seed=3, shot=8, acc=73.29
Creating a 16-shot dataset
seed=3, shot=16, acc=76.24
{'classifier': 'prototype', 'project': False, 'use_text': False, 'data_root_path': 'datasets', 'dataset': 'dtd', 'backbone': 'dinov3_vitl16', 'subsample_classes': 'all', 'shots': 16}
Evaluate on seeds=[1, 2, 3]
Evaluate on shots=[1, 2, 4, 8, 16]
seed=1 [47.34042739868164, 54.846336364746094, 64.7754135131836, 72.69503784179688, 74.52718353271484]
seed=2 [44.208038330078125, 59.1607551574707, 65.72103881835938, 70.56737518310547, 74.7044906616211]
seed=3 [48.75886535644531, 58.628841400146484, 67.73049926757812, 73.28604888916016, 76.24113464355469]
Average:  tensor([46.7691, 57.5453, 66.0757, 72.1828, 75.1576])
