
Running config
:{'classifier': 'gda', 'project': True, 'use_text': True, 'data_root_path': 'datasets', 'dataset': 'dtd', 'backbone': 'RN50', 'subsample_classes': 'all'}

Loading imagenet text span from data/text_features/imagenet/RN50.pt
Creating a 1-shot dataset
seed=1, shot=1, acc=2.13
Creating a 2-shot dataset
seed=1, shot=2, acc=40.25
Creating a 4-shot dataset
seed=1, shot=4, acc=53.31
Creating a 8-shot dataset
seed=1, shot=8, acc=61.05
Creating a 16-shot dataset
seed=1, shot=16, acc=65.60
Creating a 1-shot dataset
seed=2, shot=1, acc=2.13
Creating a 2-shot dataset
seed=2, shot=2, acc=47.34
Creating a 4-shot dataset
seed=2, shot=4, acc=53.43
Creating a 8-shot dataset
seed=2, shot=8, acc=60.28
Creating a 16-shot dataset
seed=2, shot=16, acc=66.25
Creating a 1-shot dataset
seed=3, shot=1, acc=2.13
Creating a 2-shot dataset
seed=3, shot=2, acc=37.65
Creating a 4-shot dataset
seed=3, shot=4, acc=51.95
Creating a 8-shot dataset
seed=3, shot=8, acc=62.47
Creating a 16-shot dataset
seed=3, shot=16, acc=66.61
{'classifier': 'gda', 'project': True, 'use_text': True, 'data_root_path': 'datasets', 'dataset': 'dtd', 'backbone': 'RN50', 'subsample_classes': 'all', 'shots': 16}
Evaluate on seeds=[1, 2, 3]
Evaluate on shots=[1, 2, 4, 8, 16]
seed=1 [2.127659559249878, 40.248226165771484, 53.3096923828125, 61.05200958251953, 65.60283660888672]
seed=2 [2.127659559249878, 47.34042739868164, 53.427894592285156, 60.283687591552734, 66.2529525756836]
seed=3 [2.127659559249878, 37.64775466918945, 51.950355529785156, 62.4704475402832, 66.6075668334961]
Average:  tensor([ 2.1277, 41.7455, 52.8960, 61.2687, 66.1544])
