
Running config
:{'classifier': 'gda', 'project': False, 'use_text': True, 'data_root_path': 'datasets', 'dataset': 'eurosat', 'backbone': 'RN50', 'subsample_classes': 'all'}

Creating a 1-shot dataset
seed=1, shot=1, acc=11.11
Creating a 2-shot dataset
seed=1, shot=2, acc=60.98
Creating a 4-shot dataset
seed=1, shot=4, acc=72.98
Creating a 8-shot dataset
seed=1, shot=8, acc=76.31
Creating a 16-shot dataset
seed=1, shot=16, acc=81.27
Creating a 1-shot dataset
seed=2, shot=1, acc=11.11
Creating a 2-shot dataset
seed=2, shot=2, acc=55.31
Creating a 4-shot dataset
seed=2, shot=4, acc=72.33
Creating a 8-shot dataset
seed=2, shot=8, acc=79.95
Creating a 16-shot dataset
seed=2, shot=16, acc=80.40
Creating a 1-shot dataset
seed=3, shot=1, acc=11.11
Creating a 2-shot dataset
seed=3, shot=2, acc=53.23
Creating a 4-shot dataset
seed=3, shot=4, acc=69.91
Creating a 8-shot dataset
seed=3, shot=8, acc=78.44
Creating a 16-shot dataset
seed=3, shot=16, acc=84.09
{'classifier': 'gda', 'project': False, 'use_text': True, 'data_root_path': 'datasets', 'dataset': 'eurosat', 'backbone': 'RN50', 'subsample_classes': 'all', 'shots': 16}
Evaluate on seeds=[1, 2, 3]
Evaluate on shots=[1, 2, 4, 8, 16]
seed=1 [11.11111068725586, 60.97530746459961, 72.97531127929688, 76.30863952636719, 81.2716064453125]
seed=2 [11.11111068725586, 55.30864334106445, 72.33333587646484, 79.95061492919922, 80.39506530761719]
seed=3 [11.11111068725586, 53.23456954956055, 69.91358184814453, 78.44444274902344, 84.08641815185547]
Average:  tensor([11.1111, 56.5062, 71.7407, 78.2346, 81.9177])
