
Running config
:{'classifier': 'prototype', 'project': True, 'use_text': True, 'data_root_path': 'datasets', 'dataset': 'eurosat', 'backbone': 'RN50', 'subsample_classes': 'all'}

Loading imagenet text span from data/text_features/imagenet/RN50.pt
Creating a 1-shot dataset
seed=1, shot=1, acc=53.60
Creating a 2-shot dataset
seed=1, shot=2, acc=63.65
Creating a 4-shot dataset
seed=1, shot=4, acc=70.68
Creating a 8-shot dataset
seed=1, shot=8, acc=70.23
Creating a 16-shot dataset
seed=1, shot=16, acc=71.91
Creating a 1-shot dataset
seed=2, shot=1, acc=52.21
Creating a 2-shot dataset
seed=2, shot=2, acc=59.36
Creating a 4-shot dataset
seed=2, shot=4, acc=71.58
Creating a 8-shot dataset
seed=2, shot=8, acc=75.31
Creating a 16-shot dataset
seed=2, shot=16, acc=73.43
Creating a 1-shot dataset
seed=3, shot=1, acc=56.60
Creating a 2-shot dataset
seed=3, shot=2, acc=59.35
Creating a 4-shot dataset
seed=3, shot=4, acc=67.52
Creating a 8-shot dataset
seed=3, shot=8, acc=74.68
Creating a 16-shot dataset
seed=3, shot=16, acc=77.83
{'classifier': 'prototype', 'project': True, 'use_text': True, 'data_root_path': 'datasets', 'dataset': 'eurosat', 'backbone': 'RN50', 'subsample_classes': 'all', 'shots': 16}
Evaluate on seeds=[1, 2, 3]
Evaluate on shots=[1, 2, 4, 8, 16]
seed=1 [53.60493850708008, 63.654319763183594, 70.67900848388672, 70.23456573486328, 71.91358184814453]
seed=2 [52.209877014160156, 59.35802459716797, 71.58024597167969, 75.30863952636719, 73.43209838867188]
seed=3 [56.60493850708008, 59.345680236816406, 67.51851654052734, 74.67900848388672, 77.82716369628906]
Average:  tensor([54.1399, 60.7860, 69.9259, 73.4074, 74.3909])
