
Running config
:{'classifier': 'gda', 'project': False, 'use_text': False, 'data_root_path': 'datasets', 'dataset': 'eurosat', 'backbone': 'dinov3_vitl16', 'subsample_classes': 'all'}

Creating a 1-shot dataset
seed=1, shot=1, acc=11.11
Creating a 2-shot dataset
seed=1, shot=2, acc=72.88
Creating a 4-shot dataset
seed=1, shot=4, acc=80.05
Creating a 8-shot dataset
seed=1, shot=8, acc=90.04
Creating a 16-shot dataset
seed=1, shot=16, acc=92.59
Creating a 1-shot dataset
seed=2, shot=1, acc=11.11
Creating a 2-shot dataset
seed=2, shot=2, acc=75.84
Creating a 4-shot dataset
seed=2, shot=4, acc=80.48
Creating a 8-shot dataset
seed=2, shot=8, acc=89.09
Creating a 16-shot dataset
seed=2, shot=16, acc=92.07
Creating a 1-shot dataset
seed=3, shot=1, acc=11.11
Creating a 2-shot dataset
seed=3, shot=2, acc=71.31
Creating a 4-shot dataset
seed=3, shot=4, acc=83.14
Creating a 8-shot dataset
seed=3, shot=8, acc=91.41
Creating a 16-shot dataset
seed=3, shot=16, acc=91.69
{'classifier': 'gda', 'project': False, 'use_text': False, 'data_root_path': 'datasets', 'dataset': 'eurosat', 'backbone': 'dinov3_vitl16', 'subsample_classes': 'all', 'shots': 16}
Evaluate on seeds=[1, 2, 3]
Evaluate on shots=[1, 2, 4, 8, 16]
seed=1 [11.11111068725586, 72.87654113769531, 80.04938507080078, 90.03703308105469, 92.59259033203125]
seed=2 [11.11111068725586, 75.83950805664062, 80.48148345947266, 89.08641815185547, 92.0740737915039]
seed=3 [11.11111068725586, 71.30863952636719, 83.13580322265625, 91.40740966796875, 91.69136047363281]
Average:  tensor([11.1111, 73.3416, 81.2222, 90.1769, 92.1193])
