
Running config
:{'classifier': 'gda', 'project': False, 'use_text': False, 'data_root_path': 'datasets', 'dataset': 'fgvc_aircraft', 'backbone': 'dinov3_vitl16', 'subsample_classes': 'all'}

Creating a 1-shot dataset
seed=1, shot=1, acc=0.99
Creating a 2-shot dataset
seed=1, shot=2, acc=53.41
Creating a 4-shot dataset
seed=1, shot=4, acc=63.04
Creating a 8-shot dataset
seed=1, shot=8, acc=69.46
Creating a 16-shot dataset
seed=1, shot=16, acc=73.93
Creating a 1-shot dataset
seed=2, shot=1, acc=0.99
Creating a 2-shot dataset
seed=2, shot=2, acc=54.19
Creating a 4-shot dataset
seed=2, shot=4, acc=61.45
Creating a 8-shot dataset
seed=2, shot=8, acc=68.23
Creating a 16-shot dataset
seed=2, shot=16, acc=74.65
Creating a 1-shot dataset
seed=3, shot=1, acc=0.99
Creating a 2-shot dataset
seed=3, shot=2, acc=54.22
Creating a 4-shot dataset
seed=3, shot=4, acc=62.83
Creating a 8-shot dataset
seed=3, shot=8, acc=67.99
Creating a 16-shot dataset
seed=3, shot=16, acc=72.76
{'classifier': 'gda', 'project': False, 'use_text': False, 'data_root_path': 'datasets', 'dataset': 'fgvc_aircraft', 'backbone': 'dinov3_vitl16', 'subsample_classes': 'all', 'shots': 16}
Evaluate on seeds=[1, 2, 3]
Evaluate on shots=[1, 2, 4, 8, 16]
seed=1 [0.9900989532470703, 53.405338287353516, 63.03630065917969, 69.45693969726562, 73.9273910522461]
seed=2 [0.9900989532470703, 54.18541717529297, 61.446144104003906, 68.22682189941406, 74.6474609375]
seed=3 [0.9900989532470703, 54.21541976928711, 62.82627868652344, 67.9867935180664, 72.75727081298828]
Average:  tensor([ 0.9901, 53.9354, 62.4362, 68.5569, 73.7774])
