
Running config
:{'classifier': 'prototype', 'project': False, 'use_text': False, 'data_root_path': 'datasets', 'dataset': 'food-101', 'backbone': 'dinov3_vitl16', 'subsample_classes': 'all'}

Creating a 1-shot dataset
seed=1, shot=1, acc=68.83
Creating a 2-shot dataset
seed=1, shot=2, acc=79.86
Creating a 4-shot dataset
seed=1, shot=4, acc=83.10
Creating a 8-shot dataset
seed=1, shot=8, acc=86.43
Creating a 16-shot dataset
seed=1, shot=16, acc=88.15
Creating a 1-shot dataset
seed=2, shot=1, acc=70.74
Creating a 2-shot dataset
seed=2, shot=2, acc=78.99
Creating a 4-shot dataset
seed=2, shot=4, acc=83.90
Creating a 8-shot dataset
seed=2, shot=8, acc=86.86
Creating a 16-shot dataset
seed=2, shot=16, acc=88.07
Creating a 1-shot dataset
seed=3, shot=1, acc=70.84
Creating a 2-shot dataset
seed=3, shot=2, acc=79.83
Creating a 4-shot dataset
seed=3, shot=4, acc=84.57
Creating a 8-shot dataset
seed=3, shot=8, acc=87.09
Creating a 16-shot dataset
seed=3, shot=16, acc=88.05
{'classifier': 'prototype', 'project': False, 'use_text': False, 'data_root_path': 'datasets', 'dataset': 'food-101', 'backbone': 'dinov3_vitl16', 'subsample_classes': 'all', 'shots': 16}
Evaluate on seeds=[1, 2, 3]
Evaluate on shots=[1, 2, 4, 8, 16]
seed=1 [68.82838439941406, 79.86468505859375, 83.10231018066406, 86.43234252929688, 88.15181732177734]
seed=2 [70.7425765991211, 78.99340057373047, 83.90098571777344, 86.86468505859375, 88.06930541992188]
seed=3 [70.8382797241211, 79.83168029785156, 84.57425689697266, 87.0924072265625, 88.04950714111328]
Average:  tensor([70.1364, 79.5633, 83.8592, 86.7965, 88.0902])
