
Running config
:{'classifier': 'gda', 'project': False, 'use_text': True, 'data_root_path': 'datasets', 'dataset': 'food-101', 'backbone': 'RN50', 'subsample_classes': 'all'}

Creating a 1-shot dataset
seed=1, shot=1, acc=0.99
Creating a 2-shot dataset
seed=1, shot=2, acc=47.10
Creating a 4-shot dataset
seed=1, shot=4, acc=57.42
Creating a 8-shot dataset
seed=1, shot=8, acc=66.15
Creating a 16-shot dataset
seed=1, shot=16, acc=72.30
Creating a 1-shot dataset
seed=2, shot=1, acc=0.99
Creating a 2-shot dataset
seed=2, shot=2, acc=47.64
Creating a 4-shot dataset
seed=2, shot=4, acc=58.88
Creating a 8-shot dataset
seed=2, shot=8, acc=67.26
Creating a 16-shot dataset
seed=2, shot=16, acc=71.81
Creating a 1-shot dataset
seed=3, shot=1, acc=0.99
Creating a 2-shot dataset
seed=3, shot=2, acc=47.82
Creating a 4-shot dataset
seed=3, shot=4, acc=58.77
Creating a 8-shot dataset
seed=3, shot=8, acc=67.87
Creating a 16-shot dataset
seed=3, shot=16, acc=72.51
{'classifier': 'gda', 'project': False, 'use_text': True, 'data_root_path': 'datasets', 'dataset': 'food-101', 'backbone': 'RN50', 'subsample_classes': 'all', 'shots': 16}
Evaluate on seeds=[1, 2, 3]
Evaluate on shots=[1, 2, 4, 8, 16]
seed=1 [0.9900990128517151, 47.09571075439453, 57.41913986206055, 66.14851379394531, 72.30362701416016]
seed=2 [0.9900990128517151, 47.64356231689453, 58.88448715209961, 67.26072692871094, 71.80528259277344]
seed=3 [0.9900990128517151, 47.8184814453125, 58.76897430419922, 67.87458801269531, 72.50824737548828]
Average:  tensor([ 0.9901, 47.5193, 58.3575, 67.0946, 72.2057])
