
Running config
:{'classifier': 'gda', 'project': True, 'use_text': True, 'data_root_path': 'datasets', 'dataset': 'food-101', 'backbone': 'RN50', 'subsample_classes': 'all'}

Loading imagenet text span from data/text_features/imagenet/RN50.pt
Creating a 1-shot dataset
seed=1, shot=1, acc=0.99
Creating a 2-shot dataset
seed=1, shot=2, acc=47.69
Creating a 4-shot dataset
seed=1, shot=4, acc=57.71
Creating a 8-shot dataset
seed=1, shot=8, acc=66.38
Creating a 16-shot dataset
seed=1, shot=16, acc=72.42
Creating a 1-shot dataset
seed=2, shot=1, acc=0.99
Creating a 2-shot dataset
seed=2, shot=2, acc=48.00
Creating a 4-shot dataset
seed=2, shot=4, acc=59.27
Creating a 8-shot dataset
seed=2, shot=8, acc=67.37
Creating a 16-shot dataset
seed=2, shot=16, acc=71.70
Creating a 1-shot dataset
seed=3, shot=1, acc=0.99
Creating a 2-shot dataset
seed=3, shot=2, acc=48.57
Creating a 4-shot dataset
seed=3, shot=4, acc=59.04
Creating a 8-shot dataset
seed=3, shot=8, acc=67.99
Creating a 16-shot dataset
seed=3, shot=16, acc=72.33
{'classifier': 'gda', 'project': True, 'use_text': True, 'data_root_path': 'datasets', 'dataset': 'food-101', 'backbone': 'RN50', 'subsample_classes': 'all', 'shots': 16}
Evaluate on seeds=[1, 2, 3]
Evaluate on shots=[1, 2, 4, 8, 16]
seed=1 [0.9900990128517151, 47.68976974487305, 57.706268310546875, 66.37623596191406, 72.41914367675781]
seed=2 [0.9900990128517151, 47.996700286865234, 59.26732635498047, 67.37294006347656, 71.69966888427734]
seed=3 [0.9900990128517151, 48.567657470703125, 59.042903900146484, 67.99340057373047, 72.33003234863281]
Average:  tensor([ 0.9901, 48.0847, 58.6722, 67.2475, 72.1496])
