
Running config
:{'classifier': 'prototype', 'project': True, 'use_text': True, 'data_root_path': 'datasets', 'dataset': 'food-101', 'backbone': 'RN50', 'subsample_classes': 'all'}

Loading imagenet text span from data/text_features/imagenet/RN50.pt
Creating a 1-shot dataset
seed=1, shot=1, acc=56.03
Creating a 2-shot dataset
seed=1, shot=2, acc=67.71
Creating a 4-shot dataset
seed=1, shot=4, acc=72.37
Creating a 8-shot dataset
seed=1, shot=8, acc=74.95
Creating a 16-shot dataset
seed=1, shot=16, acc=77.18
Creating a 1-shot dataset
seed=2, shot=1, acc=57.57
Creating a 2-shot dataset
seed=2, shot=2, acc=65.46
Creating a 4-shot dataset
seed=2, shot=4, acc=72.76
Creating a 8-shot dataset
seed=2, shot=8, acc=75.41
Creating a 16-shot dataset
seed=2, shot=16, acc=77.03
Creating a 1-shot dataset
seed=3, shot=1, acc=55.57
Creating a 2-shot dataset
seed=3, shot=2, acc=66.72
Creating a 4-shot dataset
seed=3, shot=4, acc=71.77
Creating a 8-shot dataset
seed=3, shot=8, acc=75.76
Creating a 16-shot dataset
seed=3, shot=16, acc=77.14
{'classifier': 'prototype', 'project': True, 'use_text': True, 'data_root_path': 'datasets', 'dataset': 'food-101', 'backbone': 'RN50', 'subsample_classes': 'all', 'shots': 16}
Evaluate on seeds=[1, 2, 3]
Evaluate on shots=[1, 2, 4, 8, 16]
seed=1 [56.02640151977539, 67.7095718383789, 72.3663330078125, 74.95379638671875, 77.17821502685547]
seed=2 [57.57095718383789, 65.45874786376953, 72.75577545166016, 75.40924072265625, 77.02970123291016]
seed=3 [55.567657470703125, 66.71947479248047, 71.77227783203125, 75.75577545166016, 77.14191436767578]
Average:  tensor([56.3883, 66.6293, 72.2981, 75.3729, 77.1166])
