
Running config
:{'classifier': 'gda', 'project': True, 'use_text': True, 'data_root_path': 'datasets', 'dataset': 'oxford_flowers', 'backbone': 'RN50', 'subsample_classes': 'all'}

Loading imagenet text span from data/text_features/imagenet/RN50.pt
Creating a 1-shot dataset
seed=1, shot=1, acc=0.49
Creating a 2-shot dataset
seed=1, shot=2, acc=74.62
Creating a 4-shot dataset
seed=1, shot=4, acc=87.13
Creating a 8-shot dataset
seed=1, shot=8, acc=92.33
Creating a 16-shot dataset
seed=1, shot=16, acc=94.68
Creating a 1-shot dataset
seed=2, shot=1, acc=0.49
Creating a 2-shot dataset
seed=2, shot=2, acc=75.48
Creating a 4-shot dataset
seed=2, shot=4, acc=87.41
Creating a 8-shot dataset
seed=2, shot=8, acc=93.14
Creating a 16-shot dataset
seed=2, shot=16, acc=94.15
Creating a 1-shot dataset
seed=3, shot=1, acc=0.49
Creating a 2-shot dataset
seed=3, shot=2, acc=75.03
Creating a 4-shot dataset
seed=3, shot=4, acc=86.48
Creating a 8-shot dataset
seed=3, shot=8, acc=90.99
Creating a 16-shot dataset
seed=3, shot=16, acc=95.49
{'classifier': 'gda', 'project': True, 'use_text': True, 'data_root_path': 'datasets', 'dataset': 'oxford_flowers', 'backbone': 'RN50', 'subsample_classes': 'all', 'shots': 16}
Evaluate on seeds=[1, 2, 3]
Evaluate on shots=[1, 2, 4, 8, 16]
seed=1 [0.4872107207775116, 74.62444305419922, 87.1295166015625, 92.32643127441406, 94.68128204345703]
seed=2 [0.4872107207775116, 75.47705841064453, 87.41372680664062, 93.1384506225586, 94.15347290039062]
seed=3 [0.4872107207775116, 75.03044891357422, 86.47990417480469, 90.98660278320312, 95.49330139160156]
Average:  tensor([ 0.4872, 75.0440, 87.0077, 92.1505, 94.7760])
