
Running config
:{'classifier': 'prototype', 'project': True, 'use_text': True, 'data_root_path': 'datasets', 'dataset': 'oxford_flowers', 'backbone': 'RN50', 'subsample_classes': 'all'}

Loading imagenet text span from data/text_features/imagenet/RN50.pt
Creating a 1-shot dataset
seed=1, shot=1, acc=68.17
Creating a 2-shot dataset
seed=1, shot=2, acc=81.20
Creating a 4-shot dataset
seed=1, shot=4, acc=85.18
Creating a 8-shot dataset
seed=1, shot=8, acc=85.22
Creating a 16-shot dataset
seed=1, shot=16, acc=86.93
Creating a 1-shot dataset
seed=2, shot=1, acc=72.31
Creating a 2-shot dataset
seed=2, shot=2, acc=80.59
Creating a 4-shot dataset
seed=2, shot=4, acc=84.82
Creating a 8-shot dataset
seed=2, shot=8, acc=86.76
Creating a 16-shot dataset
seed=2, shot=16, acc=87.13
Creating a 1-shot dataset
seed=3, shot=1, acc=71.13
Creating a 2-shot dataset
seed=3, shot=2, acc=80.19
Creating a 4-shot dataset
seed=3, shot=4, acc=82.95
Creating a 8-shot dataset
seed=3, shot=8, acc=85.02
Creating a 16-shot dataset
seed=3, shot=16, acc=87.21
{'classifier': 'prototype', 'project': True, 'use_text': True, 'data_root_path': 'datasets', 'dataset': 'oxford_flowers', 'backbone': 'RN50', 'subsample_classes': 'all', 'shots': 16}
Evaluate on seeds=[1, 2, 3]
Evaluate on shots=[1, 2, 4, 8, 16]
seed=1 [68.16889953613281, 81.20178985595703, 85.18067932128906, 85.22127532958984, 86.926513671875]
seed=2 [72.31019592285156, 80.5927734375, 84.81526947021484, 86.76411437988281, 87.1295166015625]
seed=3 [71.13276672363281, 80.186767578125, 82.94762420654297, 85.01827239990234, 87.21072387695312]
Average:  tensor([70.5373, 80.6604, 84.3145, 85.6679, 87.0889])
