
Running config
:{'classifier': 'prototype', 'project': False, 'use_text': True, 'data_root_path': 'datasets', 'dataset': 'oxford_flowers', 'backbone': 'RN50', 'subsample_classes': 'all'}

Creating a 1-shot dataset
seed=1, shot=1, acc=66.10
Creating a 2-shot dataset
seed=1, shot=2, acc=80.06
Creating a 4-shot dataset
seed=1, shot=4, acc=84.00
Creating a 8-shot dataset
seed=1, shot=8, acc=84.61
Creating a 16-shot dataset
seed=1, shot=16, acc=86.16
Creating a 1-shot dataset
seed=2, shot=1, acc=70.69
Creating a 2-shot dataset
seed=2, shot=2, acc=79.70
Creating a 4-shot dataset
seed=2, shot=4, acc=83.84
Creating a 8-shot dataset
seed=2, shot=8, acc=85.30
Creating a 16-shot dataset
seed=2, shot=16, acc=86.44
Creating a 1-shot dataset
seed=3, shot=1, acc=69.02
Creating a 2-shot dataset
seed=3, shot=2, acc=78.93
Creating a 4-shot dataset
seed=3, shot=4, acc=81.97
Creating a 8-shot dataset
seed=3, shot=8, acc=84.61
Creating a 16-shot dataset
seed=3, shot=16, acc=86.60
{'classifier': 'prototype', 'project': False, 'use_text': True, 'data_root_path': 'datasets', 'dataset': 'oxford_flowers', 'backbone': 'RN50', 'subsample_classes': 'all', 'shots': 16}
Evaluate on seeds=[1, 2, 3]
Evaluate on shots=[1, 2, 4, 8, 16]
seed=1 [66.09825897216797, 80.0649642944336, 84.00325012207031, 84.61226654052734, 86.15509796142578]
seed=2 [70.6861572265625, 79.69955444335938, 83.8408432006836, 85.30247497558594, 86.43930053710938]
seed=3 [69.02152252197266, 78.92813873291016, 81.97320556640625, 84.61226654052734, 86.6017074584961]
Average:  tensor([68.6020, 79.5642, 83.2724, 84.8423, 86.3987])
