
Running config
:{'classifier': 'gda', 'project': False, 'use_text': True, 'data_root_path': 'datasets', 'dataset': 'oxford_pets', 'backbone': 'RN50', 'subsample_classes': 'all'}

Creating a 1-shot dataset
seed=1, shot=1, acc=2.67
Creating a 2-shot dataset
seed=1, shot=2, acc=46.74
Creating a 4-shot dataset
seed=1, shot=4, acc=64.95
Creating a 8-shot dataset
seed=1, shot=8, acc=77.08
Creating a 16-shot dataset
seed=1, shot=16, acc=82.91
Creating a 1-shot dataset
seed=2, shot=1, acc=2.67
Creating a 2-shot dataset
seed=2, shot=2, acc=49.09
Creating a 4-shot dataset
seed=2, shot=4, acc=65.14
Creating a 8-shot dataset
seed=2, shot=8, acc=75.52
Creating a 16-shot dataset
seed=2, shot=16, acc=84.08
Creating a 1-shot dataset
seed=3, shot=1, acc=2.67
Creating a 2-shot dataset
seed=3, shot=2, acc=43.94
Creating a 4-shot dataset
seed=3, shot=4, acc=61.82
Creating a 8-shot dataset
seed=3, shot=8, acc=74.87
Creating a 16-shot dataset
seed=3, shot=16, acc=83.16
{'classifier': 'gda', 'project': False, 'use_text': True, 'data_root_path': 'datasets', 'dataset': 'oxford_pets', 'backbone': 'RN50', 'subsample_classes': 'all', 'shots': 16}
Evaluate on seeds=[1, 2, 3]
Evaluate on shots=[1, 2, 4, 8, 16]
seed=1 [2.671027421951294, 46.74298095703125, 64.94957733154297, 77.0782241821289, 82.91087341308594]
seed=2 [2.671027421951294, 49.086944580078125, 65.14036560058594, 75.52466583251953, 84.08285522460938]
seed=3 [2.671027421951294, 43.93567657470703, 61.815208435058594, 74.87053680419922, 83.15617370605469]
Average:  tensor([ 2.6710, 46.5885, 63.9684, 75.8245, 83.3833])
