
Running config
:{'classifier': 'prototype', 'project': True, 'use_text': True, 'data_root_path': 'datasets', 'dataset': 'oxford_pets', 'backbone': 'RN50', 'subsample_classes': 'all'}

Loading imagenet text span from data/text_features/imagenet/RN50.pt
Creating a 1-shot dataset
seed=1, shot=1, acc=63.86
Creating a 2-shot dataset
seed=1, shot=2, acc=74.57
Creating a 4-shot dataset
seed=1, shot=4, acc=83.48
Creating a 8-shot dataset
seed=1, shot=8, acc=84.49
Creating a 16-shot dataset
seed=1, shot=16, acc=86.24
Creating a 1-shot dataset
seed=2, shot=1, acc=59.36
Creating a 2-shot dataset
seed=2, shot=2, acc=77.32
Creating a 4-shot dataset
seed=2, shot=4, acc=80.68
Creating a 8-shot dataset
seed=2, shot=8, acc=84.52
Creating a 16-shot dataset
seed=2, shot=16, acc=86.51
Creating a 1-shot dataset
seed=3, shot=1, acc=63.48
Creating a 2-shot dataset
seed=3, shot=2, acc=78.41
Creating a 4-shot dataset
seed=3, shot=4, acc=80.46
Creating a 8-shot dataset
seed=3, shot=8, acc=84.46
Creating a 16-shot dataset
seed=3, shot=16, acc=87.44
{'classifier': 'prototype', 'project': True, 'use_text': True, 'data_root_path': 'datasets', 'dataset': 'oxford_pets', 'backbone': 'RN50', 'subsample_classes': 'all', 'shots': 16}
Evaluate on seeds=[1, 2, 3]
Evaluate on shots=[1, 2, 4, 8, 16]
seed=1 [63.85935974121094, 74.57072448730469, 83.48323822021484, 84.49168395996094, 86.23603057861328]
seed=2 [59.362220764160156, 77.32351684570312, 80.67593383789062, 84.5189437866211, 86.50858306884766]
seed=3 [63.477783203125, 78.41373443603516, 80.4578857421875, 84.46443176269531, 87.43526458740234]
Average:  tensor([62.2331, 76.7693, 81.5390, 84.4917, 86.7266])
