
Running config
:{'classifier': 'gda', 'project': True, 'use_text': True, 'data_root_path': 'datasets', 'dataset': 'stanford_cars', 'backbone': 'RN50', 'subsample_classes': 'all'}

Loading imagenet text span from data/text_features/imagenet/RN50.pt
Creating a 1-shot dataset
seed=1, shot=1, acc=0.55
Creating a 2-shot dataset
seed=1, shot=2, acc=38.75
Creating a 4-shot dataset
seed=1, shot=4, acc=52.05
Creating a 8-shot dataset
seed=1, shot=8, acc=61.70
Creating a 16-shot dataset
seed=1, shot=16, acc=70.30
Creating a 1-shot dataset
seed=2, shot=1, acc=0.55
Creating a 2-shot dataset
seed=2, shot=2, acc=39.83
Creating a 4-shot dataset
seed=2, shot=4, acc=50.18
Creating a 8-shot dataset
seed=2, shot=8, acc=62.39
Creating a 16-shot dataset
seed=2, shot=16, acc=69.97
Creating a 1-shot dataset
seed=3, shot=1, acc=0.55
Creating a 2-shot dataset
seed=3, shot=2, acc=36.15
Creating a 4-shot dataset
seed=3, shot=4, acc=51.56
Creating a 8-shot dataset
seed=3, shot=8, acc=62.90
Creating a 16-shot dataset
seed=3, shot=16, acc=70.40
{'classifier': 'gda', 'project': True, 'use_text': True, 'data_root_path': 'datasets', 'dataset': 'stanford_cars', 'backbone': 'RN50', 'subsample_classes': 'all', 'shots': 16}
Evaluate on seeds=[1, 2, 3]
Evaluate on shots=[1, 2, 4, 8, 16]
seed=1 [0.5471956729888916, 38.751399993896484, 52.04576873779297, 61.69630813598633, 70.30220031738281]
seed=2 [0.5471956729888916, 39.83335494995117, 50.180328369140625, 62.392738342285156, 69.96642303466797]
seed=3 [0.5471956729888916, 36.1522216796875, 51.560752868652344, 62.902626037597656, 70.40169525146484]
Average:  tensor([ 0.5472, 38.2457, 51.2623, 62.3306, 70.2234])
