
Running config
:{'classifier': 'prototype', 'project': False, 'use_text': False, 'data_root_path': 'datasets', 'dataset': 'stanford_cars', 'backbone': 'dinov3_vitl16', 'subsample_classes': 'all'}

Creating a 1-shot dataset
seed=1, shot=1, acc=64.61
Creating a 2-shot dataset
seed=1, shot=2, acc=77.50
Creating a 4-shot dataset
seed=1, shot=4, acc=81.35
Creating a 8-shot dataset
seed=1, shot=8, acc=85.16
Creating a 16-shot dataset
seed=1, shot=16, acc=87.70
Creating a 1-shot dataset
seed=2, shot=1, acc=66.88
Creating a 2-shot dataset
seed=2, shot=2, acc=76.06
Creating a 4-shot dataset
seed=2, shot=4, acc=80.72
Creating a 8-shot dataset
seed=2, shot=8, acc=85.71
Creating a 16-shot dataset
seed=2, shot=16, acc=87.32
Creating a 1-shot dataset
seed=3, shot=1, acc=65.89
Creating a 2-shot dataset
seed=3, shot=2, acc=76.98
Creating a 4-shot dataset
seed=3, shot=4, acc=80.81
Creating a 8-shot dataset
seed=3, shot=8, acc=85.84
Creating a 16-shot dataset
seed=3, shot=16, acc=86.61
{'classifier': 'prototype', 'project': False, 'use_text': False, 'data_root_path': 'datasets', 'dataset': 'stanford_cars', 'backbone': 'dinov3_vitl16', 'subsample_classes': 'all', 'shots': 16}
Evaluate on seeds=[1, 2, 3]
Evaluate on shots=[1, 2, 4, 8, 16]
seed=1 [64.60639190673828, 77.50279998779297, 81.3456039428711, 85.16354370117188, 87.7005386352539]
seed=2 [66.88223266601562, 76.06019592285156, 80.72379302978516, 85.71073913574219, 87.31501770019531]
seed=3 [65.8873291015625, 76.98047637939453, 80.81084442138672, 85.83509826660156, 86.60614776611328]
Average:  tensor([65.7920, 76.8478, 80.9601, 85.5698, 87.2072])
