
Running config
:{'classifier': 'gda', 'project': False, 'use_text': True, 'data_root_path': 'datasets', 'dataset': 'stanford_cars', 'backbone': 'RN50', 'subsample_classes': 'all'}

Creating a 1-shot dataset
seed=1, shot=1, acc=0.55
Creating a 2-shot dataset
seed=1, shot=2, acc=38.32
Creating a 4-shot dataset
seed=1, shot=4, acc=51.86
Creating a 8-shot dataset
seed=1, shot=8, acc=61.96
Creating a 16-shot dataset
seed=1, shot=16, acc=70.48
Creating a 1-shot dataset
seed=2, shot=1, acc=0.55
Creating a 2-shot dataset
seed=2, shot=2, acc=39.58
Creating a 4-shot dataset
seed=2, shot=4, acc=49.73
Creating a 8-shot dataset
seed=2, shot=8, acc=62.42
Creating a 16-shot dataset
seed=2, shot=16, acc=70.07
Creating a 1-shot dataset
seed=3, shot=1, acc=0.55
Creating a 2-shot dataset
seed=3, shot=2, acc=35.80
Creating a 4-shot dataset
seed=3, shot=4, acc=51.47
Creating a 8-shot dataset
seed=3, shot=8, acc=63.33
Creating a 16-shot dataset
seed=3, shot=16, acc=70.70
{'classifier': 'gda', 'project': False, 'use_text': True, 'data_root_path': 'datasets', 'dataset': 'stanford_cars', 'backbone': 'RN50', 'subsample_classes': 'all', 'shots': 16}
Evaluate on seeds=[1, 2, 3]
Evaluate on shots=[1, 2, 4, 8, 16]
seed=1 [0.5471956729888916, 38.316131591796875, 51.859222412109375, 61.95746994018555, 70.47631072998047]
seed=2 [0.5471956729888916, 39.58462905883789, 49.73262405395508, 62.4176139831543, 70.06591796875]
seed=3 [0.5471956729888916, 35.80400466918945, 51.473697662353516, 63.32545852661133, 70.70016479492188]
Average:  tensor([ 0.5472, 37.9016, 51.0218, 62.5668, 70.4141])
