
Running config
:{'classifier': 'prototype', 'project': False, 'use_text': True, 'data_root_path': 'datasets', 'dataset': 'stanford_cars', 'backbone': 'RN50', 'subsample_classes': 'all'}

Creating a 1-shot dataset
seed=1, shot=1, acc=37.71
Creating a 2-shot dataset
seed=1, shot=2, acc=48.33
Creating a 4-shot dataset
seed=1, shot=4, acc=57.33
Creating a 8-shot dataset
seed=1, shot=8, acc=62.41
Creating a 16-shot dataset
seed=1, shot=16, acc=67.28
Creating a 1-shot dataset
seed=2, shot=1, acc=39.35
Creating a 2-shot dataset
seed=2, shot=2, acc=49.00
Creating a 4-shot dataset
seed=2, shot=4, acc=57.07
Creating a 8-shot dataset
seed=2, shot=8, acc=63.04
Creating a 16-shot dataset
seed=2, shot=16, acc=66.83
Creating a 1-shot dataset
seed=3, shot=1, acc=35.62
Creating a 2-shot dataset
seed=3, shot=2, acc=47.02
Creating a 4-shot dataset
seed=3, shot=4, acc=55.98
Creating a 8-shot dataset
seed=3, shot=8, acc=63.38
Creating a 16-shot dataset
seed=3, shot=16, acc=66.72
{'classifier': 'prototype', 'project': False, 'use_text': True, 'data_root_path': 'datasets', 'dataset': 'stanford_cars', 'backbone': 'RN50', 'subsample_classes': 'all', 'shots': 16}
Evaluate on seeds=[1, 2, 3]
Evaluate on shots=[1, 2, 4, 8, 16]
seed=1 [37.70675277709961, 48.32732391357422, 57.331180572509766, 62.405174255371094, 67.28018951416016]
seed=2 [39.34834289550781, 48.99888229370117, 57.07001876831055, 63.039424896240234, 66.83248901367188]
seed=3 [35.617462158203125, 47.021514892578125, 55.97562789916992, 63.375205993652344, 66.7205581665039]
Average:  tensor([37.5575, 48.1159, 56.7923, 62.9399, 66.9444])
