
Running config
:{'classifier': 'gda', 'project': False, 'use_text': False, 'data_root_path': 'datasets', 'dataset': 'ucf101', 'backbone': 'dinov3_vitl16', 'subsample_classes': 'all'}

Creating a 1-shot dataset
seed=1, shot=1, acc=1.16
Creating a 2-shot dataset
seed=1, shot=2, acc=78.93
Creating a 4-shot dataset
seed=1, shot=4, acc=84.27
Creating a 8-shot dataset
seed=1, shot=8, acc=86.36
Creating a 16-shot dataset
seed=1, shot=16, acc=88.71
Creating a 1-shot dataset
seed=2, shot=1, acc=1.16
Creating a 2-shot dataset
seed=2, shot=2, acc=79.94
Creating a 4-shot dataset
seed=2, shot=4, acc=82.61
Creating a 8-shot dataset
seed=2, shot=8, acc=87.36
Creating a 16-shot dataset
seed=2, shot=16, acc=87.23
Creating a 1-shot dataset
seed=3, shot=1, acc=1.16
Creating a 2-shot dataset
seed=3, shot=2, acc=80.49
Creating a 4-shot dataset
seed=3, shot=4, acc=82.63
Creating a 8-shot dataset
seed=3, shot=8, acc=86.36
Creating a 16-shot dataset
seed=3, shot=16, acc=88.42
{'classifier': 'gda', 'project': False, 'use_text': False, 'data_root_path': 'datasets', 'dataset': 'ucf101', 'backbone': 'dinov3_vitl16', 'subsample_classes': 'all', 'shots': 16}
Evaluate on seeds=[1, 2, 3]
Evaluate on shots=[1, 2, 4, 8, 16]
seed=1 [1.1630979776382446, 78.93206024169922, 84.27173614501953, 86.36003112792969, 88.71266174316406]
seed=2 [1.1630979776382446, 79.93655395507812, 82.60639190673828, 87.3645248413086, 87.23235321044922]
seed=3 [1.1630979776382446, 80.49166870117188, 82.63282775878906, 86.36003112792969, 88.42188262939453]
Average:  tensor([ 1.1631, 79.7868, 83.1703, 86.6949, 88.1223])
