
Running config
:{'classifier': 'prototype', 'project': False, 'use_text': True, 'data_root_path': 'datasets', 'dataset': 'ucf101', 'backbone': 'RN50', 'subsample_classes': 'all'}

Creating a 1-shot dataset
seed=1, shot=1, acc=49.83
Creating a 2-shot dataset
seed=1, shot=2, acc=59.16
Creating a 4-shot dataset
seed=1, shot=4, acc=67.75
Creating a 8-shot dataset
seed=1, shot=8, acc=69.39
Creating a 16-shot dataset
seed=1, shot=16, acc=73.38
Creating a 1-shot dataset
seed=2, shot=1, acc=50.67
Creating a 2-shot dataset
seed=2, shot=2, acc=60.90
Creating a 4-shot dataset
seed=2, shot=4, acc=66.96
Creating a 8-shot dataset
seed=2, shot=8, acc=73.22
Creating a 16-shot dataset
seed=2, shot=16, acc=73.57
Creating a 1-shot dataset
seed=3, shot=1, acc=52.39
Creating a 2-shot dataset
seed=3, shot=2, acc=60.64
Creating a 4-shot dataset
seed=3, shot=4, acc=66.59
Creating a 8-shot dataset
seed=3, shot=8, acc=72.09
Creating a 16-shot dataset
seed=3, shot=16, acc=72.85
{'classifier': 'prototype', 'project': False, 'use_text': True, 'data_root_path': 'datasets', 'dataset': 'ucf101', 'backbone': 'RN50', 'subsample_classes': 'all', 'shots': 16}
Evaluate on seeds=[1, 2, 3]
Evaluate on shots=[1, 2, 4, 8, 16]
seed=1 [49.82817459106445, 59.159393310546875, 67.75045776367188, 69.38937377929688, 73.38091278076172]
seed=2 [50.67406463623047, 60.9040412902832, 66.95743560791016, 73.22230529785156, 73.56594848632812]
seed=3 [52.39228057861328, 60.63970184326172, 66.58736419677734, 72.08563995361328, 72.85223388671875]
Average:  tensor([50.9648, 60.2344, 67.0984, 71.5658, 73.2664])
