
Running config
:{'classifier': 'prototype', 'project': False, 'use_text': False, 'data_root_path': 'datasets', 'dataset': 'ucf101', 'backbone': 'dinov3_vitl16', 'subsample_classes': 'all'}

Creating a 1-shot dataset
seed=1, shot=1, acc=68.17
Creating a 2-shot dataset
seed=1, shot=2, acc=77.80
Creating a 4-shot dataset
seed=1, shot=4, acc=83.48
Creating a 8-shot dataset
seed=1, shot=8, acc=84.83
Creating a 16-shot dataset
seed=1, shot=16, acc=86.57
Creating a 1-shot dataset
seed=2, shot=1, acc=69.39
Creating a 2-shot dataset
seed=2, shot=2, acc=79.20
Creating a 4-shot dataset
seed=2, shot=4, acc=81.50
Creating a 8-shot dataset
seed=2, shot=8, acc=85.99
Creating a 16-shot dataset
seed=2, shot=16, acc=85.28
Creating a 1-shot dataset
seed=3, shot=1, acc=73.06
Creating a 2-shot dataset
seed=3, shot=2, acc=80.70
Creating a 4-shot dataset
seed=3, shot=4, acc=81.42
Creating a 8-shot dataset
seed=3, shot=8, acc=85.59
Creating a 16-shot dataset
seed=3, shot=16, acc=85.99
{'classifier': 'prototype', 'project': False, 'use_text': False, 'data_root_path': 'datasets', 'dataset': 'ucf101', 'backbone': 'dinov3_vitl16', 'subsample_classes': 'all', 'shots': 16}
Evaluate on seeds=[1, 2, 3]
Evaluate on shots=[1, 2, 4, 8, 16]
seed=1 [68.17340087890625, 77.79539489746094, 83.47871398925781, 84.82685089111328, 86.57150268554688]
seed=2 [69.38937377929688, 79.19640350341797, 81.49616241455078, 85.98995208740234, 85.27622985839844]
seed=3 [73.06370544433594, 80.70314025878906, 81.41686248779297, 85.59343719482422, 85.98995208740234]
Average:  tensor([70.2088, 79.2316, 82.1306, 85.4701, 85.9459])
