
Running config
:{'classifier': 'prototype', 'project': True, 'use_text': True, 'data_root_path': 'datasets', 'dataset': 'ucf101', 'backbone': 'RN50', 'subsample_classes': 'all'}

Loading imagenet text span from data/text_features/imagenet/RN50.pt
Creating a 1-shot dataset
seed=1, shot=1, acc=52.63
Creating a 2-shot dataset
seed=1, shot=2, acc=61.62
Creating a 4-shot dataset
seed=1, shot=4, acc=70.71
Creating a 8-shot dataset
seed=1, shot=8, acc=72.06
Creating a 16-shot dataset
seed=1, shot=16, acc=75.52
Creating a 1-shot dataset
seed=2, shot=1, acc=53.63
Creating a 2-shot dataset
seed=2, shot=2, acc=63.44
Creating a 4-shot dataset
seed=2, shot=4, acc=69.63
Creating a 8-shot dataset
seed=2, shot=8, acc=75.71
Creating a 16-shot dataset
seed=2, shot=16, acc=75.42
Creating a 1-shot dataset
seed=3, shot=1, acc=55.19
Creating a 2-shot dataset
seed=3, shot=2, acc=65.56
Creating a 4-shot dataset
seed=3, shot=4, acc=69.47
Creating a 8-shot dataset
seed=3, shot=8, acc=74.39
Creating a 16-shot dataset
seed=3, shot=16, acc=74.73
{'classifier': 'prototype', 'project': True, 'use_text': True, 'data_root_path': 'datasets', 'dataset': 'ucf101', 'backbone': 'RN50', 'subsample_classes': 'all', 'shots': 16}
Evaluate on seeds=[1, 2, 3]
Evaluate on shots=[1, 2, 4, 8, 16]
seed=1 [52.630184173583984, 61.617759704589844, 70.71107482910156, 72.05921173095703, 75.5220718383789]
seed=2 [53.63467788696289, 63.44171142578125, 69.62727355957031, 75.70710754394531, 75.41633605957031]
seed=3 [55.19428634643555, 65.55643463134766, 69.46867370605469, 74.38540649414062, 74.72904968261719]
Average:  tensor([53.8197, 63.5386, 69.9357, 74.0506, 75.2225])
